{
  "ok": true,
  "acceptanceCase": "LWB317-FUNCTION-HOME-MAP-CAMPAIGN-001-home-lifecycle-bcd",
  "scope": "isolated OverviewLifecycleService/LWBridgeBackend hooks only; no real Last War, updater, original service, or live provider action",
  "pendingRepeated": {
    "pendingPhase": "starting",
    "pendingInstanceId": "7afa3df14d2d481897856529f943b9b4",
    "repeatedPendingError": "GAME_OPERATION_IN_PROGRESS",
    "duplicateRunningError": "GAME_RUNNING",
    "helperStartCalls": 1,
    "helperStopCalls": 1,
    "finalPhase": "stopped"
  },
  "closeDuringStart": {
    "error": "GAME_OPERATION_CANCELLED",
    "correlatedCancellationMarker": true,
    "helperStartCalls": 1,
    "compensatingStopCalls": 0,
    "finalPhase": "stopped",
    "ownsInstance": false
  },
  "staleIdentityAndStop": {
    "foreignStopError": "INSTANCE_NOT_OWNED",
    "stalePhase": "error",
    "staleError": "GAME_EXITED_RESTORE_REQUIRED",
    "staleInstancePreserved": true,
    "exactStopCalls": 1,
    "exactStopIdentityMatched": true,
    "finalPhase": "stopped"
  },
  "nativeRejectionRetry": {
    "firstError": "BRIDGE_START_TIMEOUT",
    "failedPhase": "error",
    "failedOwnsPid": false,
    "retryUsedFreshIdentity": true,
    "helperStartCalls": 2,
    "helperStopCalls": 1
  },
  "profileMismatch": {
    "foreignStart": "PROFILE_SCOPE_MISMATCH",
    "missingStart": "PROFILE_REQUIRED",
    "foreignStatus": "PROFILE_RUNTIME_UNAVAILABLE",
    "lifecycleHelperCalls": 0
  },
  "recoveryAndShutdown": {
    "firstSession": "fd4326a91ddb421ea4e0eb87018bda79",
    "recoveredSession": "6efb4b253aad4c6cac2fc1d9ae5b8ca8",
    "successfulRecoveryUsedFreshSession": true,
    "successfulRecoveryState": "succeeded",
    "startsBeforeShutdown": 3,
    "cleanupStopCalls": 3,
    "shutdownRecoveryState": "idle",
    "runtimeManagedAfterShutdown": false,
    "startsAfterShutdownBeforeFreshHost": 3,
    "persistedDesiredRunningObservedByFreshHost": true,
    "freshHostStartupReconcileStartDelta": 1,
    "freshHostFinalDesiredRunning": false
  }
}
